MPLINK 4.39, Linker
Linker Map File - Created Tue Feb 19 05:20:17 2008

                                 Section Info
                  Section       Type    Address   Location Size(Bytes)
                ---------  ---------  ---------  ---------  ---------
                   .org_0       code   0x000000    program   0x000030



                              Program Memory Usage 
                               Start         End      
                           ---------   ---------      
                            0x000000    0x000017      
            24 out of 8455 program addresses used, program memory utilization is 0%



                              Symbols - Sorted by Name
                     Name    Address   Location    Storage File                     
                ---------  ---------  ---------  --------- ---------                
             buton_apasat   0x00000f    program     static C:\Users\student\Desktop\Lab8\ASM\lab8.asm
                buton_end   0x000018    program     static C:\Users\student\Desktop\Lab8\ASM\lab8.asm
              delay_100ms   0x000005    program     static C:\Users\student\Desktop\Lab8\ASM\lab8.asm
                    loopi   0x000009    program     static C:\Users\student\Desktop\Lab8\ASM\lab8.asm
                    loopj   0x000007    program     static C:\Users\student\Desktop\Lab8\ASM\lab8.asm
                     main   0x000000    program     static C:\Users\student\Desktop\Lab8\ASM\lab8.asm



                              Symbols - Sorted by Address
                     Name    Address   Location    Storage File                     
                ---------  ---------  ---------  --------- ---------                
                     main   0x000000    program     static C:\Users\student\Desktop\Lab8\ASM\lab8.asm
              delay_100ms   0x000005    program     static C:\Users\student\Desktop\Lab8\ASM\lab8.asm
                    loopj   0x000007    program     static C:\Users\student\Desktop\Lab8\ASM\lab8.asm
                    loopi   0x000009    program     static C:\Users\student\Desktop\Lab8\ASM\lab8.asm
             buton_apasat   0x00000f    program     static C:\Users\student\Desktop\Lab8\ASM\lab8.asm
                buton_end   0x000018    program     static C:\Users\student\Desktop\Lab8\ASM\lab8.asm


